// Jest Snapshot v1, https://goo.gl/fbAQLP

exports[`<ImageAvatars> renders correctly 1`] = `
<Styled(ForwardRef(Box))
  component="section"
  mb={8}
  mt={8}
>
  <ForwardRef(Typography)
    variant="h3"
  >
    Meet the Team
  </ForwardRef(Typography)>
  <div
    className="ImageAvatars-root"
  >
    <ForwardRef(Grid)
      container={true}
      spacing={2}
    >
      <ForwardRef(Grid)
        item={true}
        xs={6}
      >
        <ForwardRef(Box)
          alignItems="center"
          display="flex"
          flexDirection="column"
          justifyContent="center"
        >
          <ForwardRef(Avatar)
            alt="Rocio"
            className="ImageAvatars-large"
            src="rocio.jpg"
          />
          <ForwardRef(Typography)>
            Rocio Ng
          </ForwardRef(Typography)>
          <ForwardRef(Typography)
            variant="body2"
          >
            Project Lead
          </ForwardRef(Typography)>
        </ForwardRef(Box)>
      </ForwardRef(Grid)>
      <ForwardRef(Grid)
        item={true}
        xs={6}
      >
        <ForwardRef(Box)
          alignItems="center"
          display="flex"
          flexDirection="column"
          justifyContent="center"
        >
          <ForwardRef(Avatar)
            alt="Emily"
            className="ImageAvatars-large"
            src="emily.jpg"
          />
          <ForwardRef(Typography)>
            Emily Kasa
          </ForwardRef(Typography)>
          <ForwardRef(Typography)
            variant="body2"
          >
            Data Jam Lead
          </ForwardRef(Typography)>
        </ForwardRef(Box)>
      </ForwardRef(Grid)>
      <ForwardRef(Grid)
        item={true}
        xs={6}
      >
        <ForwardRef(Box)
          alignItems="center"
          display="flex"
          flexDirection="column"
          justifyContent="center"
        >
          <ForwardRef(Avatar)
            alt="Alex"
            className="ImageAvatars-large"
            src="alexkerr.jpg"
          />
          <ForwardRef(Typography)>
            Alex Kerr
          </ForwardRef(Typography)>
          <ForwardRef(Typography)
            variant="body2"
          >
            Engineer
          </ForwardRef(Typography)>
        </ForwardRef(Box)>
      </ForwardRef(Grid)>
    </ForwardRef(Grid)>
  </div>
</Styled(ForwardRef(Box))>
`;
