// Jest Snapshot v1, https://goo.gl/fbAQLP

exports[`<ImageAvatars> renders correctly 1`] = `
<Styled(MuiBox)
  component="section"
  mb={8}
  mt={8}
>
  <WithStyles(ForwardRef(Typography))
    variant="h3"
  >
    Meet the Team
  </WithStyles(ForwardRef(Typography))>
  <div
    className="makeStyles-root-1"
  >
    <WithStyles(ForwardRef(Grid))
      container={true}
      spacing={2}
    >
      <WithStyles(ForwardRef(Grid))
        item={true}
        xs={6}
      >
        <Styled(MuiBox)
          alignItems="center"
          display="flex"
          flexDirection="column"
          justifyContent="center"
        >
          <WithStyles(ForwardRef(Avatar))
            alt="Rocio"
            className="makeStyles-large-2"
            src="rocio.jpg"
          />
          <WithStyles(ForwardRef(Typography))>
            Rocio Ng
          </WithStyles(ForwardRef(Typography))>
          <WithStyles(ForwardRef(Typography))
            variant="body2"
          >
            Project Lead
          </WithStyles(ForwardRef(Typography))>
        </Styled(MuiBox)>
      </WithStyles(ForwardRef(Grid))>
      <WithStyles(ForwardRef(Grid))
        item={true}
        xs={6}
      >
        <Styled(MuiBox)
          alignItems="center"
          display="flex"
          flexDirection="column"
          justifyContent="center"
        >
          <WithStyles(ForwardRef(Avatar))
            alt="Emily"
            className="makeStyles-large-2"
            src="emily.jpg"
          />
          <WithStyles(ForwardRef(Typography))>
            Emily Kasa
          </WithStyles(ForwardRef(Typography))>
          <WithStyles(ForwardRef(Typography))
            variant="body2"
          >
            Data Jam Lead
          </WithStyles(ForwardRef(Typography))>
        </Styled(MuiBox)>
      </WithStyles(ForwardRef(Grid))>
    </WithStyles(ForwardRef(Grid))>
  </div>
</Styled(MuiBox)>
`;
